// Jest Snapshot v1, https://goo.gl/fbAQLP

exports[`Mission Create mission item 1`] = `[Function]`;
